---
source: src/config/config_file/mise_toml.rs
expression: cf.to_tool_request_set().unwrap()
---
ToolRequestSet {
    tools: {
        BackendArg(node): [
            Version {
                backend: BackendArg(node),
                version: "16.0.1",
                options: ToolVersionOptions {
                    os: None,
                    install_env: {},
                    opts: {},
                },
                source: MiseToml(
                    "/tmp/.mise.toml",
                ),
            },
            Version {
                backend: BackendArg(node),
                version: "18.0.1",
                options: ToolVersionOptions {
                    os: None,
                    install_env: {},
                    opts: {},
                },
                source: MiseToml(
                    "/tmp/.mise.toml",
                ),
            },
        ],
    },
    sources: {
        BackendArg(node): MiseToml(
            "/tmp/.mise.toml",
        ),
    },
}
