---
source: src/config/config_file/mise_toml.rs
expression: cf.to_tool_request_set().unwrap()
---
ToolRequestSet {
    tools: {},
    sources: {},
}
